2024-06-16T17:21:51  refactor: tidy internals
2024-07-15T12:38:58  fix: handle empty input gracefully
2024-07-20T19:55:05  perf: micro-optimization
2024-08-19T14:12:12  style: formatting
2024-09-17T09:29:19  chore: bump dev tooling
2024-10-17T16:46:26  docs: expand examples
2024-11-15T11:03:33  test: strengthen coverage
2024-11-21T18:20:40  chore: tune defaults
2024-12-20T13:37:47  refactor: simplify helper
2025-01-19T08:54:54  chore: routine maintenance
2025-02-17T15:11:01  docs: clarify usage notes
2025-03-19T10:28:08  test: add edge case
2025-03-24T17:45:15  refactor: tidy internals
2025-04-23T12:02:22  fix: handle empty input gracefully
2025-05-22T19:19:29  perf: micro-optimization
2025-06-21T14:36:36  style: formatting
2025-07-20T09:53:43  chore: bump dev tooling
2025-07-25T16:10:50  docs: expand examples
2025-08-24T11:27:57  test: strengthen coverage
2025-09-22T18:44:04  chore: tune defaults
2025-10-22T13:01:11  refactor: simplify helper
2025-10-27T08:18:18  chore: routine maintenance
2025-11-26T15:35:25  docs: clarify usage notes
2025-12-25T10:52:32  test: add edge case
2026-01-24T17:09:39  refactor: tidy internals
2026-02-22T12:26:46  fix: handle empty input gracefully
2026-02-28T19:43:53  perf: micro-optimization
2026-03-29T14:00:00  style: formatting
2026-04-28T09:17:07  chore: bump dev tooling
2026-05-27T16:34:14  docs: expand examples
2024-08-24T17:21:51  chore: BLACKBOOK redaction pass
2024-12-18T12:38:58  refactor: I have altered the code. pray I don't alter it further
2025-01-17T19:55:05  feat: do or do not, there is no try/except
2025-05-14T14:12:12  perf: speed. I am speed.
2025-09-08T09:29:19  fix: the cake is a lie, but the bug was real
2025-10-08T16:46:26  test: trust, but verify
2026-02-02T11:03:33  fix: 60% of the time, it works every time
2026-05-30T18:20:40  docs: here be dragons
